ariel@vale:~/projects/rawsendmpeg2ts/build$ /home/ariel/projects/rawsendmpeg2ts/build/rawsendmpeg2ts     /home/ariel/projects/moq-dev/notes/captures/golden-bbb-1080i-clean.ts     239.1.74.20:9009
derived rate: 11000000 bit/s (11.000 Mb/s)
[t+   5.0s] slips this 5s: 0 (worst 0.0 ms at t+0.0s), total 0
[t+  10.0s] slips this 5s: 0 (worst 0.0 ms at t+0.0s), total 0
[t+  15.0s] slips this 5s: 0 (worst 0.0 ms at t+0.0s), total 0
[t+  20.0s] slips this 5s: 0 (worst 0.0 ms at t+0.0s), total 0
[t+  25.0s] slips this 5s: 0 (worst 0.0 ms at t+0.0s), total 0
[t+  30.0s] slips this 5s: 0 (worst 0.0 ms at t+0.0s), total 0
[t+  35.0s] slips this 5s: 0 (worst 0.0 ms at t+0.0s), total 0
[t+  40.0s] slips this 5s: 0 (worst 0.0 ms at t+0.0s), total 0
[t+  45.0s] slips this 5s: 0 (worst 0.0 ms at t+0.0s), total 0
[t+  50.0s] slips this 5s: 0 (worst 0.0 ms at t+0.0s), total 0
[t+  55.0s] slips this 5s: 0 (worst 0.0 ms at t+0.0s), total 0
[t+  60.0s] slips this 5s: 0 (worst 0.0 ms at t+0.0s), total 0
[t+  65.0s] slips this 5s: 0 (worst 0.0 ms at t+0.0s), total 0
[t+  70.0s] slips this 5s: 0 (worst 0.0 ms at t+0.0s), total 0
[t+  75.0s] slips this 5s: 0 (worst 0.0 ms at t+0.0s), total 0
[t+  80.0s] slips this 5s: 0 (worst 0.0 ms at t+0.0s), total 0
[t+  85.0s] slips this 5s: 0 (worst 0.0 ms at t+0.0s), total 0
[t+  90.0s] slips this 5s: 0 (worst 0.0 ms at t+0.0s), total 0
[t+  95.0s] slips this 5s: 0 (worst 0.0 ms at t+0.0s), total 0
[t+ 100.0s] slips this 5s: 0 (worst 0.0 ms at t+0.0s), total 0
[t+ 105.0s] slips this 5s: 0 (worst 0.0 ms at t+0.0s), total 0
[t+ 110.0s] slips this 5s: 0 (worst 0.0 ms at t+0.0s), total 0
[t+ 115.0s] slips this 5s: 0 (worst 0.0 ms at t+0.0s), total 0
[t+ 120.0s] slips this 5s: 0 (worst 0.0 ms at t+0.0s), total 0
[t+ 125.0s] slips this 5s: 0 (worst 0.0 ms at t+0.0s), total 0
[t+ 130.0s] slips this 5s: 0 (worst 0.0 ms at t+0.0s), total 0
[t+ 135.0s] slips this 5s: 0 (worst 0.0 ms at t+0.0s), total 0
[t+ 140.0s] slips this 5s: 0 (worst 0.0 ms at t+0.0s), total 0
[t+ 145.0s] slips this 5s: 0 (worst 0.0 ms at t+0.0s), total 0
[t+ 150.0s] slips this 5s: 0 (worst 0.0 ms at t+0.0s), total 0
[t+ 155.0s] slips this 5s: 0 (worst 0.0 ms at t+0.0s), total 0
[t+ 160.0s] slips this 5s: 0 (worst 0.0 ms at t+0.0s), total 0
[t+ 165.0s] slips this 5s: 0 (worst 0.0 ms at t+0.0s), total 0
[t+ 170.0s] slips this 5s: 0 (worst 0.0 ms at t+0.0s), total 0
[t+ 175.0s] slips this 5s: 0 (worst 0.0 ms at t+0.0s), total 0
[t+ 180.0s] slips this 5s: 0 (worst 0.0 ms at t+0.0s), total 0
[t+ 185.0s] slips this 5s: 0 (worst 0.0 ms at t+0.0s), total 0
[t+ 190.0s] slips this 5s: 0 (worst 0.0 ms at t+0.0s), total 0
[t+ 195.0s] slips this 5s: 0 (worst 0.0 ms at t+0.0s), total 0
[t+ 200.0s] slips this 5s: 0 (worst 0.0 ms at t+0.0s), total 0
[t+ 205.0s] slips this 5s: 0 (worst 0.0 ms at t+0.0s), total 0
[t+ 210.0s] slips this 5s: 0 (worst 0.0 ms at t+0.0s), total 0
[t+ 215.0s] slips this 5s: 0 (worst 0.0 ms at t+0.0s), total 0
[t+ 220.0s] slips this 5s: 0 (worst 0.0 ms at t+0.0s), total 0
[t+ 225.0s] slips this 5s: 0 (worst 0.0 ms at t+0.0s), total 0
[t+ 230.0s] slips this 5s: 0 (worst 0.0 ms at t+0.0s), total 0
[t+ 235.0s] slips this 5s: 0 (worst 0.0 ms at t+0.0s), total 0
[t+ 240.0s] slips this 5s: 0 (worst 0.0 ms at t+0.0s), total 0
[t+ 245.0s] slips this 5s: 0 (worst 0.0 ms at t+0.0s), total 0
[t+ 250.0s] slips this 5s: 0 (worst 0.0 ms at t+0.0s), total 0
[t+ 255.0s] slips this 5s: 0 (worst 0.0 ms at t+0.0s), total 0
[t+ 260.0s] slips this 5s: 0 (worst 0.0 ms at t+0.0s), total 0
[t+ 265.0s] slips this 5s: 0 (worst 0.0 ms at t+0.0s), total 0
[t+ 270.0s] slips this 5s: 0 (worst 0.0 ms at t+0.0s), total 0
[t+ 275.0s] slips this 5s: 0 (worst 0.0 ms at t+0.0s), total 0
[t+ 280.0s] slips this 5s: 0 (worst 0.0 ms at t+0.0s), total 0
[t+ 285.0s] slips this 5s: 0 (worst 0.0 ms at t+0.0s), total 0
[t+ 290.0s] slips this 5s: 0 (worst 0.0 ms at t+0.0s), total 0
[t+ 295.0s] slips this 5s: 0 (worst 0.0 ms at t+0.0s), total 0
[t+ 300.0s] slips this 5s: 0 (worst 0.0 ms at t+0.0s), total 0
[t+ 305.0s] slips this 5s: 0 (worst 0.0 ms at t+0.0s), total 0
[t+ 310.0s] slips this 5s: 0 (worst 0.0 ms at t+0.0s), total 0
[t+ 315.0s] slips this 5s: 0 (worst 0.0 ms at t+0.0s), total 0
[t+ 320.0s] slips this 5s: 0 (worst 0.0 ms at t+0.0s), total 0
[t+ 325.0s] slips this 5s: 0 (worst 0.0 ms at t+0.0s), total 0
[t+ 330.0s] slips this 5s: 0 (worst 0.0 ms at t+0.0s), total 0
[t+ 335.0s] slips this 5s: 0 (worst 0.0 ms at t+0.0s), total 0
[t+ 340.0s] slips this 5s: 0 (worst 0.0 ms at t+0.0s), total 0
[t+ 345.0s] slips this 5s: 0 (worst 0.0 ms at t+0.0s), total 0
[t+ 350.0s] slips this 5s: 0 (worst 0.0 ms at t+0.0s), total 0
[t+ 355.0s] slips this 5s: 0 (worst 0.0 ms at t+0.0s), total 0
[t+ 360.0s] slips this 5s: 0 (worst 0.0 ms at t+0.0s), total 0
[t+ 365.0s] slips this 5s: 0 (worst 0.0 ms at t+0.0s), total 0
[t+ 370.0s] slips this 5s: 0 (worst 0.0 ms at t+0.0s), total 0
[t+ 375.0s] slips this 5s: 0 (worst 0.0 ms at t+0.0s), total 0
[t+ 380.0s] slips this 5s: 0 (worst 0.0 ms at t+0.0s), total 0
[t+ 385.0s] slips this 5s: 0 (worst 0.0 ms at t+0.0s), total 0
[t+ 390.0s] slips this 5s: 0 (worst 0.0 ms at t+0.0s), total 0
[t+ 395.0s] slips this 5s: 0 (worst 0.0 ms at t+0.0s), total 0
[t+ 400.0s] slips this 5s: 0 (worst 0.0 ms at t+0.0s), total 0
[t+ 405.0s] slips this 5s: 0 (worst 0.0 ms at t+0.0s), total 0
[t+ 410.0s] slips this 5s: 0 (worst 0.0 ms at t+0.0s), total 0
[t+ 415.0s] slips this 5s: 0 (worst 0.0 ms at t+0.0s), total 0
[t+ 420.0s] slips this 5s: 0 (worst 0.0 ms at t+0.0s), total 0
[t+ 425.0s] slips this 5s: 0 (worst 0.0 ms at t+0.0s), total 0
[t+ 430.0s] slips this 5s: 0 (worst 0.0 ms at t+0.0s), total 0
[t+ 435.0s] slips this 5s: 0 (worst 0.0 ms at t+0.0s), total 0
[t+ 440.0s] slips this 5s: 0 (worst 0.0 ms at t+0.0s), total 0
[t+ 445.0s] slips this 5s: 0 (worst 0.0 ms at t+0.0s), total 0
[t+ 450.0s] slips this 5s: 0 (worst 0.0 ms at t+0.0s), total 0
[t+ 455.0s] slips this 5s: 0 (worst 0.0 ms at t+0.0s), total 0
[t+ 460.0s] slips this 5s: 0 (worst 0.0 ms at t+0.0s), total 0
[t+ 465.0s] slips this 5s: 0 (worst 0.0 ms at t+0.0s), total 0
[t+ 470.0s] slips this 5s: 0 (worst 0.0 ms at t+0.0s), total 0
[t+ 475.0s] slips this 5s: 0 (worst 0.0 ms at t+0.0s), total 0
[t+ 480.0s] slips this 5s: 0 (worst 0.0 ms at t+0.0s), total 0
[t+ 485.0s] slips this 5s: 0 (worst 0.0 ms at t+0.0s), total 0
[t+ 490.0s] slips this 5s: 0 (worst 0.0 ms at t+0.0s), total 0
[t+ 495.0s] slips this 5s: 11 (worst 7.1 ms at t+492.8s), total 11
[t+ 500.0s] slips this 5s: 8 (worst 8.0 ms at t+495.2s), total 19
[t+ 505.0s] slips this 5s: 0 (worst 0.0 ms at t+495.2s), total 19
[t+ 510.0s] slips this 5s: 0 (worst 0.0 ms at t+495.2s), total 19
[t+ 515.0s] slips this 5s: 0 (worst 0.0 ms at t+495.2s), total 19
[t+ 520.0s] slips this 5s: 0 (worst 0.0 ms at t+495.2s), total 19
[t+ 525.0s] slips this 5s: 0 (worst 0.0 ms at t+495.2s), total 19
[t+ 530.0s] slips this 5s: 0 (worst 0.0 ms at t+495.2s), total 19
[t+ 535.0s] slips this 5s: 0 (worst 0.0 ms at t+495.2s), total 19
[t+ 540.0s] slips this 5s: 0 (worst 0.0 ms at t+495.2s), total 19
[t+ 545.0s] slips this 5s: 0 (worst 0.0 ms at t+495.2s), total 19
[t+ 550.0s] slips this 5s: 0 (worst 0.0 ms at t+495.2s), total 19
[t+ 555.0s] slips this 5s: 0 (worst 0.0 ms at t+495.2s), total 19
[t+ 560.0s] slips this 5s: 0 (worst 0.0 ms at t+495.2s), total 19
[t+ 565.0s] slips this 5s: 0 (worst 0.0 ms at t+495.2s), total 19
[t+ 570.0s] slips this 5s: 0 (worst 0.0 ms at t+495.2s), total 19
[t+ 575.0s] slips this 5s: 0 (worst 0.0 ms at t+495.2s), total 19
[t+ 580.0s] slips this 5s: 0 (worst 0.0 ms at t+495.2s), total 19
[t+ 585.0s] slips this 5s: 0 (worst 0.0 ms at t+495.2s), total 19
[t+ 590.0s] slips this 5s: 0 (worst 0.0 ms at t+495.2s), total 19
[t+ 595.0s] slips this 5s: 0 (worst 0.0 ms at t+495.2s), total 19
done: 19 clock slips, max slip 7.966 ms

